[     402ms] [INFO] %cDownload the React DevTools for a better development experience: https://react.dev/link/react-devtools font-weight:bold @ http://localhost:3000/_next/static/chunks/node_modules_next_dist_compiled_react-dom_1e674e59._.js:14537
[     985ms] [ERROR] Failed to load resource: the server responded with a status of 404 (Not Found) @ http://localhost:3000/music/track.mp3:0
[    1021ms] [ERROR] Failed to load resource: the server responded with a status of 404 (Not Found) @ http://localhost:3000/favicon.ico:0
[    1076ms] [WARNING] You are trying to animate backgroundColor from "rgba(0, 0, 0, 0)" to "transparent". "transparent" is not an animatable value.. For more information and steps for solving, visit https://motion.dev/troubleshooting/value-not-animatable @ http://localhost:3000/_next/static/chunks/node_modules_04a64309._.js:1096
[    1078ms] [WARNING] You are trying to animate backgroundColor from "rgba(0, 0, 0, 0)" to "transparent". "transparent" is not an animatable value.. For more information and steps for solving, visit https://motion.dev/troubleshooting/value-not-animatable @ http://localhost:3000/_next/static/chunks/node_modules_04a64309._.js:1096
[    1078ms] [WARNING] You are trying to animate backgroundColor from "rgba(0, 0, 0, 0)" to "transparent". "transparent" is not an animatable value.. For more information and steps for solving, visit https://motion.dev/troubleshooting/value-not-animatable @ http://localhost:3000/_next/static/chunks/node_modules_04a64309._.js:1096
[    1078ms] [WARNING] You are trying to animate backgroundColor from "rgba(0, 0, 0, 0)" to "transparent". "transparent" is not an animatable value.. For more information and steps for solving, visit https://motion.dev/troubleshooting/value-not-animatable @ http://localhost:3000/_next/static/chunks/node_modules_04a64309._.js:1096
[    1078ms] [WARNING] You are trying to animate backgroundColor from "rgba(0, 0, 0, 0)" to "transparent". "transparent" is not an animatable value.. For more information and steps for solving, visit https://motion.dev/troubleshooting/value-not-animatable @ http://localhost:3000/_next/static/chunks/node_modules_04a64309._.js:1096
[    1079ms] [WARNING] You are trying to animate backgroundColor from "rgba(0, 0, 0, 0)" to "transparent". "transparent" is not an animatable value.. For more information and steps for solving, visit https://motion.dev/troubleshooting/value-not-animatable @ http://localhost:3000/_next/static/chunks/node_modules_04a64309._.js:1096
[    2899ms] [WARNING] Image with src "/images/cards/card-web.png" was detected as the Largest Contentful Paint (LCP). Please add the "priority" property if this image is above the fold.
Read more: https://nextjs.org/docs/api-reference/next/image#priority @ http://localhost:3000/_next/static/chunks/node_modules_next_dist_b0daae9a._.js:968
[   59233ms] [LOG] [Fast Refresh] rebuilding @ http://localhost:3000/_next/static/chunks/node_modules_next_dist_client_cf1d9188._.js:5949
[   59453ms] [WARNING] You are trying to animate backgroundColor from "transparent" to "rgba(0,0,0,0)". "transparent" is not an animatable value.. For more information and steps for solving, visit https://motion.dev/troubleshooting/value-not-animatable @ http://localhost:3000/_next/static/chunks/node_modules_04a64309._.js:1096
[   59453ms] [WARNING] You are trying to animate backgroundColor from "transparent" to "rgba(0,0,0,0)". "transparent" is not an animatable value.. For more information and steps for solving, visit https://motion.dev/troubleshooting/value-not-animatable @ http://localhost:3000/_next/static/chunks/node_modules_04a64309._.js:1096
[   59453ms] [WARNING] You are trying to animate backgroundColor from "transparent" to "rgba(0,0,0,0)". "transparent" is not an animatable value.. For more information and steps for solving, visit https://motion.dev/troubleshooting/value-not-animatable @ http://localhost:3000/_next/static/chunks/node_modules_04a64309._.js:1096
[   59453ms] [WARNING] You are trying to animate backgroundColor from "transparent" to "rgba(0,0,0,0)". "transparent" is not an animatable value.. For more information and steps for solving, visit https://motion.dev/troubleshooting/value-not-animatable @ http://localhost:3000/_next/static/chunks/node_modules_04a64309._.js:1096
[   59453ms] [WARNING] You are trying to animate backgroundColor from "transparent" to "rgba(0,0,0,0)". "transparent" is not an animatable value.. For more information and steps for solving, visit https://motion.dev/troubleshooting/value-not-animatable @ http://localhost:3000/_next/static/chunks/node_modules_04a64309._.js:1096
[   59453ms] [WARNING] You are trying to animate backgroundColor from "transparent" to "rgba(0,0,0,0)". "transparent" is not an animatable value.. For more information and steps for solving, visit https://motion.dev/troubleshooting/value-not-animatable @ http://localhost:3000/_next/static/chunks/node_modules_04a64309._.js:1096
[   59456ms] [LOG] [Fast Refresh] done in 250ms @ http://localhost:3000/_next/static/chunks/node_modules_next_dist_client_cf1d9188._.js:5809
[  332720ms] [ERROR] Failed to load resource: the server responded with a status of 400 (Bad Request) @ http://localhost:3000/_next/image?url=%2Fimages%2Fcreating%2Fsponti%2Fhero.png&w=384&q=75:0
[  332764ms] [ERROR] Failed to load resource: the server responded with a status of 400 (Bad Request) @ http://localhost:3000/_next/image?url=%2Fimages%2Fcreating%2Fsponti%2Fhero.jpg&w=384&q=75:0
[  332837ms] [ERROR] Failed to load resource: the server responded with a status of 400 (Bad Request) @ http://localhost:3000/_next/image?url=%2Fimages%2Fcreating%2Fsponti%2Fhero.webp&w=384&q=75:0
[  338166ms] [ERROR] Failed to load resource: the server responded with a status of 400 (Bad Request) @ http://localhost:3000/_next/image?url=%2Fimages%2Fcreating%2Fsponti%2Fhero.png&w=384&q=75:0
[  338265ms] [LOG] [Fast Refresh] rebuilding @ http://localhost:3000/_next/static/chunks/node_modules_next_dist_client_cf1d9188._.js:5949
