[     426ms] [LOG] [Fast Refresh] rebuilding @ http://localhost:3000/_next/static/chunks/node_modules_next_dist_client_cf1d9188._.js:5949
[     442ms] [LOG] [Fast Refresh] done in 118ms @ http://localhost:3000/_next/static/chunks/node_modules_next_dist_client_cf1d9188._.js:5809
[     755ms] [INFO] %cDownload the React DevTools for a better development experience: https://react.dev/link/react-devtools font-weight:bold @ http://localhost:3000/_next/static/chunks/node_modules_next_dist_compiled_react-dom_1e674e59._.js:14537
[     814ms] [ERROR] Failed to load resource: the server responded with a status of 404 (Not Found) @ http://localhost:3000/music/track.mp3:0
[     990ms] [WARNING] Image with src "/images/cards/card-visuals.png" was detected as the Largest Contentful Paint (LCP). Please add the "priority" property if this image is above the fold.
Read more: https://nextjs.org/docs/api-reference/next/image#priority @ http://localhost:3000/_next/static/chunks/node_modules_next_dist_b0daae9a._.js:968
[    1097ms] [LOG] [Fast Refresh] rebuilding @ http://localhost:3000/_next/static/chunks/node_modules_next_dist_client_cf1d9188._.js:5949
[    1158ms] [LOG] [Fast Refresh] done in 161ms @ http://localhost:3000/_next/static/chunks/node_modules_next_dist_client_cf1d9188._.js:5809
[    1259ms] [ERROR] Failed to load resource: the server responded with a status of 400 (Bad Request) @ http://localhost:3000/_next/image?url=%2Fimages%2Fcreating%2Fafar%2Fhero.png&w=256&q=75:0
[    1277ms] [ERROR] Failed to load resource: the server responded with a status of 400 (Bad Request) @ http://localhost:3000/_next/image?url=%2Fimages%2Fcreating%2Fchikai%2Fhero.png&w=256&q=75:0
[    1288ms] [ERROR] Failed to load resource: the server responded with a status of 400 (Bad Request) @ http://localhost:3000/_next/image?url=%2Fimages%2Fcreating%2Fsponti%2Fhero.png&w=256&q=75:0
[    1375ms] [ERROR] Failed to load resource: the server responded with a status of 400 (Bad Request) @ http://localhost:3000/_next/image?url=%2Fimages%2Fcreating%2Fsponti%2Fhero.jpg&w=256&q=75:0
[    1397ms] [ERROR] Failed to load resource: the server responded with a status of 400 (Bad Request) @ http://localhost:3000/_next/image?url=%2Fimages%2Fcreating%2Fchikai%2Fhero.jpg&w=256&q=75:0
[    1468ms] [ERROR] Failed to load resource: the server responded with a status of 400 (Bad Request) @ http://localhost:3000/_next/image?url=%2Fimages%2Fcreating%2Fsponti%2Fhero.webp&w=256&q=75:0
[    6738ms] [ERROR] Failed to load resource: the server responded with a status of 400 (Bad Request) @ http://localhost:3000/_next/image?url=%2Fimages%2Fcreating%2Fsponti%2Fhero.webp&w=256&q=75:0
[    7057ms] [WARNING] Image with src "/images/visuals/02.jpg" was detected as the Largest Contentful Paint (LCP). Please add the "priority" property if this image is above the fold.
Read more: https://nextjs.org/docs/api-reference/next/image#priority @ http://localhost:3000/_next/static/chunks/node_modules_next_dist_b0daae9a._.js:968
[   11706ms] [LOG] [Fast Refresh] rebuilding @ http://localhost:3000/_next/static/chunks/node_modules_next_dist_client_cf1d9188._.js:5949
[   11722ms] [LOG] [Fast Refresh] done in 118ms @ http://localhost:3000/_next/static/chunks/node_modules_next_dist_client_cf1d9188._.js:5809
[   44001ms] [ERROR] Failed to load resource: the server responded with a status of 400 (Bad Request) @ http://localhost:3000/_next/image?url=%2Fimages%2Fcreating%2Fsponti%2Fhero.webp&w=256&q=75:0
[   56891ms] [ERROR] Failed to load resource: the server responded with a status of 400 (Bad Request) @ http://localhost:3000/_next/image?url=%2Fimages%2Fcreating%2Fsponti%2Fhero.webp&w=256&q=75:0
[   62616ms] [ERROR] Failed to load resource: the server responded with a status of 400 (Bad Request) @ http://localhost:3000/_next/image?url=%2Fimages%2Fcreating%2Fsponti%2Fhero.webp&w=256&q=75:0
[   63225ms] [ERROR] Failed to load resource: the server responded with a status of 400 (Bad Request) @ http://localhost:3000/_next/image?url=%2Fimages%2Fcreating%2Fsponti%2Fhero.webp&w=256&q=75:0
[   63666ms] [ERROR] Failed to load resource: the server responded with a status of 400 (Bad Request) @ http://localhost:3000/_next/image?url=%2Fimages%2Fcreating%2Fsponti%2Fhero.webp&w=256&q=75:0
[   85876ms] [ERROR] Failed to load resource: the server responded with a status of 400 (Bad Request) @ http://localhost:3000/_next/image?url=%2Fimages%2Fcreating%2Fsponti%2Fhero.webp&w=256&q=75:0
